[INFO] Scanning for projects...
[INFO] 
[INFO] --------------------< com.example:SocialMediaAlmat >--------------------
[INFO] Building SocialMediaAlmat 0.0.1-SNAPSHOT
[INFO]   from pom.xml
[INFO] --------------------------------[ jar ]---------------------------------
[INFO] 
[INFO] --- resources:3.3.1:resources (default-resources) @ SocialMediaAlmat ---
[INFO] Copying 1 resource from src\main\resources to target\classes
[INFO] Copying 0 resource from src\main\resources to target\classes
[INFO] 
[INFO] --- compiler:3.14.1:compile (default-compile) @ SocialMediaAlmat ---
[INFO] Nothing to compile - all classes are up to date.
[INFO] ------------------------------------------------------------------------
[INFO] BUILD SUCCESS
[INFO] ------------------------------------------------------------------------
[INFO] Total time:  1.719 s
[INFO] Finished at: 2026-02-27T20:46:12+03:00
[INFO] ------------------------------------------------------------------------
